// Jest Snapshot v1, https://goo.gl/fbAQLP

exports[`should return a DocumentFragment with a dropdown Ensure previous dropdowns are removed 1`] = `"<div class="aiev3-editable"><div class="aiev3-line"><span class="aiev3-tb select-block editorv3style-bold is-locked show-dropdown" data-type="select" data-style-name="bold" data-is-locked="true" data-available-options="[{&quot;text&quot;:&quot;Hello&quot;,&quot;data&quot;:{&quot;text&quot;:&quot;Hello&quot;,&quot;noStyle&quot;:&quot;true&quot;}},{&quot;text&quot;:&quot;World&quot;,&quot;data&quot;:{&quot;text&quot;:&quot;World&quot;,&quot;style&quot;:&quot;shiny&quot;}}]">-- Select --</span><ul style="z-index: 1000; left: 0px; top: 0px;" class="aiev3-dropdown-list skip-read"><li class="aiev3-drop-item" data-text="Hello" data-no-style="true"><span class="aiev3-tb">Hello</span></li><li class="aiev3-drop-item" data-text="World" data-style="shiny"><span class="aiev3-tb editorv3style-shiny" data-style-name="shiny">World</span></li></ul></div></div>"`;

exports[`should return a DocumentFragment with a dropdown Ensure previous dropdowns are removed 2`] = `"<div class="aiev3-editable"><div class="aiev3-line"><span class="aiev3-tb select-block editorv3style-bold is-locked show-dropdown editorv3style-shiny" data-type="select" data-style-name="shiny" data-is-locked="true" data-available-options="[{&quot;text&quot;:&quot;Hello&quot;,&quot;data&quot;:{&quot;text&quot;:&quot;Hello&quot;,&quot;noStyle&quot;:&quot;true&quot;}},{&quot;text&quot;:&quot;World&quot;,&quot;data&quot;:{&quot;text&quot;:&quot;World&quot;,&quot;style&quot;:&quot;shiny&quot;}}]" data-style="shiny">World</span></div></div>"`;

exports[`should return a DocumentFragment with a dropdown should remove existing style 1`] = `"<div class="aiev3-editable"><div class="aiev3-line"><span class="aiev3-tb select-block editorv3style-bold is-locked show-dropdown" data-type="select" data-style-name="bold" data-is-locked="true" data-available-options="[{&quot;text&quot;:&quot;Hello&quot;,&quot;data&quot;:{&quot;text&quot;:&quot;Hello&quot;,&quot;noStyle&quot;:&quot;true&quot;}},{&quot;text&quot;:&quot;World&quot;,&quot;data&quot;:{&quot;text&quot;:&quot;World&quot;,&quot;style&quot;:&quot;shiny&quot;}}]">-- Select --</span><ul style="z-index: 1000; left: 0px; top: 0px;" class="aiev3-dropdown-list skip-read"><li class="aiev3-drop-item" data-text="Hello" data-no-style="true"><span class="aiev3-tb">Hello</span></li><li class="aiev3-drop-item" data-text="World" data-style="shiny"><span class="aiev3-tb editorv3style-shiny" data-style-name="shiny">World</span></li></ul></div></div>"`;

exports[`should return a DocumentFragment with a dropdown should remove existing style 2`] = `"<div class="aiev3-editable"><div class="aiev3-line"><span class="aiev3-tb select-block is-locked show-dropdown" data-type="select" data-is-locked="true" data-available-options="[{&quot;text&quot;:&quot;Hello&quot;,&quot;data&quot;:{&quot;text&quot;:&quot;Hello&quot;,&quot;noStyle&quot;:&quot;true&quot;}},{&quot;text&quot;:&quot;World&quot;,&quot;data&quot;:{&quot;text&quot;:&quot;World&quot;,&quot;style&quot;:&quot;shiny&quot;}}]" data-no-style="true">Hello</span></div></div>"`;
