// Jest Snapshot v1, https://goo.gl/fbAQLP

exports[`should return a DocumentFragment with a dropdown Render dropdown and click off 1`] = `"<span class="aiev3-tb at-block is-locked" data-type="at" data-is-locked="true">@q</span>"`;

exports[`should return a DocumentFragment with a dropdown Render dropdown for all objects 1`] = `"<span class="aiev3-tb at-block is-active" data-type="at">@<ul class="aiev3-at-dropdown skip-read" style="left: 0px; top: 0px;"><li class="aiev3-at-item" data-handler="at-dropdown-list">@one</li><li class="aiev3-at-item" data-handler="at-dropdown-list">@two</li><li class="aiev3-at-item" data-handler="at-dropdown-list">@three</li><li class="aiev3-at-item" data-handler="at-dropdown-list">@four</li><li class="aiev3-at-item" data-handler="at-dropdown-list">@five</li><li class="aiev3-at-item" data-handler="at-dropdown-list">@six</li><li class="aiev3-at-item" data-handler="at-dropdown-list">@seven</li><li class="aiev3-at-item" data-handler="at-dropdown-list">@eight</li><li class="aiev3-at-item" data-handler="at-dropdown-list">@nine</li><li class="aiev3-at-item" data-handler="at-dropdown-list">@ten</li><li class="aiev3-more-items">...10 more</li></ul></span>"`;
